// Jest Snapshot v1, https://goo.gl/fbAQLP

exports[`Nav should match snapshot 1`] = `
<styled.nav
  styles="
    background-color: white;
    box-shadow: 5px 0px 10px 0px rgba(0, 0, 0, 0.3);
    display: flex;
    height: 50px;
    justify-content: center;
    padding: 10px;
"
>
  <SearchInput
    onChange={[Function]}
    placeholder="Enter Bitcoin address"
    value=""
  />
  <Styled(Link)
    data-test-id="go"
    styles="
    background-color: theme.colors.brand;
    border-radius: 5px;
    color: white;
    line-height: 30px;
    padding: 0 15px;
    margin-left: 10px;
"
    to="/address/"
  >
    Go!
  </Styled(Link)>
</styled.nav>
`;
